[14:35:06] === SESSION START ===
[14:35:19] SLOW MISSIONBEH MissionBehav.ArtemsCinematicCombat.CinematicCombatMissionLogic.OnMissionTick 26.8ms
[14:35:20] SLOW MISSIONBEH MissionBehav.RBM.AgentStatusBar.UnitStatusMissionView.OnMissionTick 56.2ms
[14:35:20] SLOW MISSIONBEH MissionBehav.RTSCamera.Logic.RTSCameraLogic.OnMissionTick 5.2ms
[14:35:22] SLOW MISSIONBEH MissionBehav.RTSCamera.Logic.RTSCameraLogic.OnMissionTick 5.9ms
[14:35:23] SLOW MISSIONBEH MissionBehav.RTSCamera.Logic.RTSCameraLogic.OnMissionTick 5.4ms
[14:35:24] MEMORY(mission): Baseline = 273.8 MB
[14:35:25] MEMORY(mission): Current=273.4MB Sample=-0.4MB Total=-0.4MB t=10s
[14:35:26] MEMORY(mission): Current=275.7MB Sample=+2.3MB Total=+1.9MB t=15s
[14:35:27] MEMORY(mission): Current=272.4MB Sample=-3.3MB Total=-1.3MB t=20s
[14:35:27] MEMORY(mission): Current=276.9MB Sample=+4.5MB Total=+3.1MB t=25s
[14:35:27] === PERFORMANCE REPORT ===
[14:35:27] Owner                    Method                                                                                        Calls  Total(ms)    Avg(ms)    Max(ms) SessMax(ms)
[14:35:27] ------------------------------------------------------------------------------------------------------------------------------------------------------------------------
[14:35:27] (engine/unattributed)    Mission.Frame(all)                                                                              892    1299.01      1.456     29.981     29.981
[14:35:27] ArtemsCinematicCombat    MissionBehav.ArtemsCinematicCombat.CCShieldTauntTroopsData.OnMissionTick                        886     698.85      0.789      4.195      4.195
[14:35:27] RBM                      MissionBehav.RBM.AgentStatusBar.UnitStatusMissionView.OnMissionTick                             886     634.68      0.716     56.238     56.238
[14:35:27] BetterPikes              MissionBehav.BetterPikes.BetterPikesMissionBehavior.OnMissionTick                               886     125.65      0.142      1.310      1.310
[14:35:27] ArtemsCinematicCombat    MissionBehav.ArtemsCinematicCombat.CinematicCombatMissionLogic.OnMissionTick                    886     105.17      0.119     26.795     26.795
[14:35:27] StaminaSystem            MissionBehav.StaminaSystem.StaminaMissionBehavior.OnMissionTick                                 886      67.56      0.076      0.395      0.395
[14:35:27] BreakablePolearms        MissionBehav.BreakablePolearms.BreakablePolearmsMissionBehavior.OnMissionTick                   886      35.96      0.041      0.420      0.420
[14:35:27] RTSCamera                MissionBehav.RTSCamera.Logic.RTSCameraLogic.OnMissionTick                                       886      22.93      0.026      5.939      5.939
[14:35:27] BattleOrderTweaks        MissionBehav.BattleOrderTweaks.VolleyMissionBehavior.OnMissionTick                              886      16.55      0.019      4.529      4.529
[14:35:27] (engine/unattributed)    MissionBehav.TaleWorlds.MountAndBlade.GauntletUI.Mission.Singleplayer.MissionGauntletOr...      886      16.13      0.018      3.926      3.926
[14:35:27] (engine/unattributed)    MissionBehav.TaleWorlds.MountAndBlade.BattleObserverMissionLogic.OnAgentBuild                   600      16.11      0.027      4.867      4.867
[14:35:27] ArtemsCinematicCharges   MissionBehav.ArtemsCinematicCharges.SprintBehavior.OnMissionTick                                886      12.34      0.014      0.995      0.995
[14:35:27] (engine/unattributed)    MissionBehav.TaleWorlds.MountAndBlade.GauntletUI.Mission.Singleplayer.MissionGauntletSp...      886      10.29      0.012      0.294      0.294
[14:35:27] AIKickNBash              MissionBehav.AIKickNBash.AIKickNBashMissionBehavior.OnMissionTick                               886       9.54      0.011      1.513      1.513
[14:35:27] (engine/unattributed)    MissionBehav.TaleWorlds.MountAndBlade.View.MissionViews.MissionAgentLabelView.OnMission...      886       7.79      0.009      1.146      1.146
[14:35:27] CinematicCombatMaster... MissionBehav.CinematicCombatMasterstrikeLogic.OnMissionTick                                     886       6.69      0.008      0.841      0.841
[14:35:27] (engine/unattributed)    MissionBehav.TaleWorlds.MountAndBlade.View.MissionViews.MissionAgentLabelView.OnAgentBuild      600       5.76      0.010      1.240      1.240
[14:35:27] ArtemsCinematicCharges   MissionBehav.ArtemsCinematicCharges.CinematicChargesMissionLogic.OnMissionTick                  886       5.67      0.006      2.344      2.344
[14:35:27] Immersive_Battlefields   MissionBehav.Immersive_Battlefields.IB_Core.OnMissionTick                                       886       4.95      0.006      1.845      1.845
[14:35:27] ProperShieldWalls        MissionBehav.ProperShieldWalls.Behaviours.ShieldRotationBehavior.OnMissionTick                  886       4.59      0.005      1.171      1.171
[14:35:27] StaminaSystem            MissionBehav.StaminaSystem.StaminaUIBehavior.OnMissionTick                                     1772       4.51      0.003      0.333      0.333
[14:35:27] (engine/unattributed)    MissionBehav.TaleWorlds.MountAndBlade.DefaultBattleMissionAgentSpawnLogic.OnMissionTick         886       4.02      0.005      1.229      1.229
[14:35:27] RealisticCombatSounds    MissionBehav.RealisticCombatSounds.RealisticSoundsMissionBehavior.OnMissionTick                 886       2.80      0.003      0.223      0.223
[14:35:27] ArtemsLivelyAnimations   MissionBehav.ArtemsLivelyAnimations.ArtemsLivelyAnimationsMissionLogic.OnMissionTick            886       2.73      0.003      1.049      1.049
[14:35:27] (engine/unattributed)    MissionBehav.TaleWorlds.MountAndBlade.BattleEndLogic.OnMissionTick                              886       2.71      0.003      1.213      1.213
[14:35:27] (engine/unattributed)    MissionBehav.TaleWorlds.MountAndBlade.MissionBoundaryCrossingHandler.OnMissionTick              886       2.45      0.003      0.314      0.314
[14:35:27] ArtemsCinematicCharges   MissionBehav.ArtemsCinematicCharges.CinematicChargesMissionLogic.OnAgentBuild                   600       2.34      0.004      1.675      1.675
[14:35:27] BreakablePolearms        MissionBehav.BreakablePolearms.BreakablePolearmsMissionBehavior.OnAgentBuild                    600       2.27      0.004      0.890      0.890
[14:35:27] AIKickNBash              MissionBehav.AIKickNBash.AIKickNBashMissionBehavior.OnAgentBuild                                600       2.17      0.004      1.223      1.223
[14:35:27] (engine/unattributed)    MissionBehav.TaleWorlds.MountAndBlade.HighlightsController.OnMissionTick                        886       2.04      0.002      1.039      1.039
[14:35:27] Raise_your_Banner        MissionBehav.Raise_your_Banner.RYB_Core_B.OnAgentBuild                                          600       1.92      0.003      1.191      1.191
[14:35:27] DismembermentPlus        MissionBehav.DismembermentPlus.Logic.DismembermentPlusMissionLogic.OnMissionTick                886       1.35      0.002      0.452      0.452
[14:35:27] SiegeArcherPoints        MissionBehav.SiegeArcherPoints.OnMissionTick                                                    886       1.33      0.002      0.458      0.458
[14:35:27] (engine/unattributed)    MissionBehav.TaleWorlds.MountAndBlade.View.MissionViews.Order.OrderTroopPlacer.OnMissio...      886       1.31      0.001      0.503      0.503
[14:35:27] StaminaSystem            MissionBehav.StaminaSystem.StaminaMissionBehavior.OnAgentBuild                                  600       1.25      0.002      0.527      0.527
[14:35:27] (engine/unattributed)    MissionBehav.TaleWorlds.MountAndBlade.GauntletUI.Mission.MissionGauntletCategoryLoadMan...      886       1.23      0.001      0.006      0.006
[14:35:27] LootBetweenSieges        MissionBehav.LootBetweenSieges.SiegeLootMissionBehavior.OnMissionTick                           886       1.05      0.001      0.338      0.338
[14:35:27] (engine/unattributed)    MissionBehav.TaleWorlds.MountAndBlade.BannerBearerLogic.OnMissionTick                           886       0.84      0.001      0.017      0.017
[14:35:27] EnhancedSiegeMorale      MissionBehav.EnhancedSiegeMorale.SiegeNoRetreatBehavior.OnMissionTick                           886       0.78      0.001      0.016      0.016
[14:35:27] EnhancedSiegeMorale      MissionBehav.EnhancedSiegeMorale.SiegeMoraleTracker.OnMissionTick                               886       0.73      0.001      0.344      0.344
[14:35:27] FormationFilter          MissionBehav.FormationFilter.Logics.FormationFilterLogic.OnMissionTick                          886       0.66      0.001      0.004      0.004
[14:35:27] ArtemsCinematicCharges   MissionBehav.ArtemsCinematicCharges.SprintBehavior.OnAgentBuild                                 600       0.62      0.001      0.005      0.005
[14:35:27] (engine/unattributed)    MissionBehav.TaleWorlds.MountAndBlade.AgentVictoryLogic.OnMissionTick                           886       0.61      0.001      0.020      0.020
[14:35:27] (engine/unattributed)    MissionBehav.TaleWorlds.MountAndBlade.Missions.MissionLogics.MissionObjectiveLogic.OnMi...      886       0.55      0.001      0.006      0.006
[14:35:27] MissionSharedLibrary     MissionBehav.MissionSharedLibrary.Controller.MissionBehaviors.MissionLibraryLogic.OnMis...      886       0.53      0.001      0.019      0.019
[14:35:27] ArtemCore                MissionBehav.ArtemCore.ArtemCoreMissionLogic.OnAgentBuild                                       600       0.39      0.001      0.038      0.038
[14:35:27] RTSCamera                MissionBehav.RTSCamera.CommandSystem.Logic.CommandSystemLogic.OnAgentBuild                      600       0.37      0.001      0.266      0.266
[14:35:27] (engine/unattributed)    MissionBehav.TaleWorlds.MountAndBlade.BattleReinforcementsSpawnController.OnMissionTick         886       0.35      0.000      0.014      0.014
[14:35:27] FrontlineMod             MissionBehav.FrontlineMod.FrontlineCleanupBehavior.OnAgentBuild                                 600       0.09      0.000      0.060      0.060
[14:35:27] BetterPikes              MissionBehav.BetterPikes.BetterPikesMissionBehavior.OnAgentBuild                                600       0.06      0.000      0.015      0.015
[14:35:27] ProperShieldWalls        MissionBehav.ProperShieldWalls.Behaviours.CrowdStateBehavior.OnAgentBuild                       600       0.03      0.000      0.003      0.003
[14:35:27] === END REPORT ===
[14:35:27] === PER-MOD TOTALS (this window, ms — overlapping/nested, not additive) ===
[14:35:27]        1371.19  (engine/unattributed)
[14:35:27]         804.02  ArtemsCinematicCombat
[14:35:27]         634.68  RBM
[14:35:27]         125.71  BetterPikes
[14:35:27]          73.32  StaminaSystem
[14:35:27]          38.23  BreakablePolearms
[14:35:27]          23.30  RTSCamera
[14:35:27]          20.96  ArtemsCinematicCharges
[14:35:27]          16.55  BattleOrderTweaks
[14:35:27]          11.71  AIKickNBash
[14:35:27]           6.69  CinematicCombatMasterstrikeLogic
[14:35:27]           4.95  Immersive_Battlefields
[14:35:27]           4.62  ProperShieldWalls
[14:35:27]           2.80  RealisticCombatSounds
[14:35:27]           2.73  ArtemsLivelyAnimations
[14:35:27]           1.92  Raise_your_Banner
[14:35:27]           1.50  EnhancedSiegeMorale
[14:35:27]           1.35  DismembermentPlus
[14:35:27]           1.33  SiegeArcherPoints
[14:35:27]           1.05  LootBetweenSieges
[14:35:27]           0.66  FormationFilter
[14:35:27]           0.53  MissionSharedLibrary
[14:35:27]           0.39  ArtemCore
[14:35:27]           0.09  FrontlineMod
[14:35:27] === END PER-MOD TOTALS ===
[14:35:28] MEMORY(mission): Current=275.5MB Sample=-1.4MB Total=+1.7MB t=30s
[14:35:29] MEMORY(mission): Current=273.7MB Sample=-1.8MB Total=-0.1MB t=35s
[14:35:29] MEMORY(mission): Current=276.8MB Sample=+3.2MB Total=+3.1MB t=40s
[14:35:30] MEMORY(mission): Current=275.6MB Sample=-1.3MB Total=+1.8MB t=45s
[14:35:31] MEMORY(mission): Current=278.0MB Sample=+2.5MB Total=+4.2MB t=50s
[14:35:32] MEMORY(mission): Current=275.8MB Sample=-2.3MB Total=+2.0MB t=55s
[14:35:33] MEMORY(mission): Current=274.9MB Sample=-0.8MB Total=+1.1MB t=60s
[14:35:34] MEMORY(mission): Current=275.7MB Sample=+0.8MB Total=+1.9MB t=65s
[14:35:35] MEMORY(mission): Current=278.0MB Sample=+2.4MB Total=+4.3MB t=70s
[14:35:36] MEMORY(mission): Current=278.8MB Sample=+0.8MB Total=+5.0MB t=75s
[14:35:37] MEMORY(mission): Current=279.5MB Sample=+0.7MB Total=+5.7MB t=80s
[14:35:37] === PERFORMANCE REPORT ===
[14:35:37] Owner                    Method                                                                                        Calls  Total(ms)    Avg(ms)    Max(ms) SessMax(ms)
[14:35:37] ------------------------------------------------------------------------------------------------------------------------------------------------------------------------
[14:35:37] (engine/unattributed)    Mission.Frame(all)                                                                             1259    3527.23      2.802     23.452     29.981
[14:35:37] ArtemsCinematicCombat    MissionBehav.ArtemsCinematicCombat.CCShieldTauntTroopsData.OnMissionTick                       1259    1023.51      0.813      1.693      4.195
[14:35:37] RBM                      MissionBehav.RBM.AgentStatusBar.UnitStatusMissionView.OnMissionTick                            1259     698.31      0.555      1.606     56.238
[14:35:37] BetterPikes              MissionBehav.BetterPikes.BetterPikesMissionBehavior.OnMissionTick                              1259     167.10      0.133      0.769      1.310
[14:35:37] ArtemsCinematicCombat    MissionBehav.ArtemsCinematicCombat.CinematicCombatMissionLogic.OnMissionTick                   1259     155.79      0.124      4.155     26.795
[14:35:37] StaminaSystem            MissionBehav.StaminaSystem.StaminaMissionBehavior.OnMissionTick                                1259      88.64      0.070      0.298      0.395
[14:35:37] BreakablePolearms        MissionBehav.BreakablePolearms.BreakablePolearmsMissionBehavior.OnMissionTick                  1259      40.07      0.032      0.107      0.420
[14:35:37] AIKickNBash              MissionBehav.AIKickNBash.AIKickNBashMissionBehavior.OnMissionTick                              1259      19.22      0.015      0.318      1.513
[14:35:37] ArtemsLivelyAnimations   MissionBehav.ArtemsLivelyAnimations.ArtemsLivelyAnimationsMissionLogic.OnMissionTick           1259      17.40      0.014      2.994      2.994
[14:35:37] (engine/unattributed)    MissionBehav.TaleWorlds.MountAndBlade.GauntletUI.Mission.Singleplayer.MissionGauntletSp...     1259      15.81      0.013      0.115      0.294
[14:35:37] BattleOrderTweaks        MissionBehav.BattleOrderTweaks.VolleyMissionBehavior.OnMissionTick                             1259      14.80      0.012      0.039      4.529
[14:35:37] (engine/unattributed)    MissionBehav.TaleWorlds.MountAndBlade.View.MissionViews.MissionAgentLabelView.OnMission...     1259      14.02      0.011      0.096      1.146
[14:35:37] ArtemsCinematicCharges   MissionBehav.ArtemsCinematicCharges.SprintBehavior.OnMissionTick                               1259      13.27      0.011      0.023      0.995
[14:35:37] CinematicCombatMaster... MissionBehav.CinematicCombatMasterstrikeLogic.OnMissionTick                                    1259      12.79      0.010      1.437      1.437
[14:35:37] ArtemsCinematicCharges   MissionBehav.ArtemsCinematicCharges.CinematicChargesMissionLogic.OnMissionTick                 1259       9.73      0.008      0.811      2.344
[14:35:37] StaminaSystem            MissionBehav.StaminaSystem.StaminaUIBehavior.OnMissionTick                                     2518       6.94      0.003      0.155      0.333
[14:35:37] (engine/unattributed)    MissionBehav.TaleWorlds.MountAndBlade.BattleObserverMissionLogic.OnAgentRemoved                  60       5.19      0.087      0.163      0.163
[14:35:37] ProperShieldWalls        MissionBehav.ProperShieldWalls.Behaviours.ShieldRotationBehavior.OnMissionTick                 1259       5.19      0.004      0.047      1.171
[14:35:37] RTSCamera                MissionBehav.RTSCamera.Logic.RTSCameraLogic.OnMissionTick                                      1259       5.14      0.004      0.024      5.939
[14:35:37] (engine/unattributed)    MissionBehav.TaleWorlds.MountAndBlade.Source.Missions.Handlers.Logic.AgentMoraleInterac...       60       4.45      0.074      3.482      3.482
[14:35:37] RealisticCombatSounds    MissionBehav.RealisticCombatSounds.RealisticSoundsMissionBehavior.OnMissionTick                1259       3.11      0.002      0.030      0.223
[14:35:37] (engine/unattributed)    MissionBehav.TaleWorlds.MountAndBlade.MissionBoundaryCrossingHandler.OnMissionTick             1259       2.62      0.002      0.006      0.314
[14:35:37] (engine/unattributed)    MissionBehav.TaleWorlds.MountAndBlade.DefaultBattleMissionAgentSpawnLogic.OnMissionTick        1259       1.83      0.001      0.007      1.229
[14:35:37] Immersive_Battlefields   MissionBehav.Immersive_Battlefields.IB_Core.OnMissionTick                                      1259       1.57      0.001      0.007      1.845
[14:35:37] (engine/unattributed)    MissionBehav.TaleWorlds.MountAndBlade.GauntletUI.Mission.MissionGauntletCategoryLoadMan...     1259       1.40      0.001      0.018      0.018
[14:35:37] (engine/unattributed)    MissionBehav.TaleWorlds.MountAndBlade.BattleEndLogic.OnMissionTick                             1259       1.38      0.001      0.016      1.213
[14:35:37] ArtemsCinematicCharges   MissionBehav.ArtemsCinematicCharges.CinematicChargesMissionLogic.OnAgentRemoved                  60       1.29      0.021      0.851      0.851
[14:35:37] (engine/unattributed)    MissionBehav.TaleWorlds.MountAndBlade.BannerBearerLogic.OnMissionTick                          1259       1.23      0.001      0.336      0.336
[14:35:37] (engine/unattributed)    MissionBehav.TaleWorlds.MountAndBlade.HighlightsController.OnMissionTick                       1259       1.13      0.001      0.002      1.039
[14:35:37] DismembermentPlus        MissionBehav.DismembermentPlus.Logic.DismembermentPlusMissionLogic.OnMissionTick               1259       1.09      0.001      0.002      0.452
[14:35:37] FormationFilter          MissionBehav.FormationFilter.Logics.FormationFilterLogic.OnMissionTick                         1259       1.08      0.001      0.318      0.318
[14:35:37] SiegeArcherPoints        MissionBehav.SiegeArcherPoints.OnMissionTick                                                   1259       0.98      0.001      0.002      0.458
[14:35:37] (engine/unattributed)    MissionBehav.TaleWorlds.MountAndBlade.View.MissionViews.Order.OrderTroopPlacer.OnMissio...     1259       0.94      0.001      0.006      0.503
[14:35:37] LootBetweenSieges        MissionBehav.LootBetweenSieges.SiegeLootMissionBehavior.OnMissionTick                          1259       0.87      0.001      0.004      0.338
[14:35:37] EnhancedSiegeMorale      MissionBehav.EnhancedSiegeMorale.SiegeNoRetreatBehavior.OnMissionTick                          1259       0.83      0.001      0.011      0.016
[14:35:37] RTSCamera                MissionBehav.RTSCamera.Logic.RTSCameraLogic.OnAgentRemoved                                       60       0.83      0.014      0.771      0.771
[14:35:37] MissionSharedLibrary     MissionBehav.MissionSharedLibrary.Controller.MissionBehaviors.MissionLibraryLogic.OnMis...     1259       0.69      0.001      0.352      0.352
[14:35:37] (engine/unattributed)    MissionBehav.TaleWorlds.MountAndBlade.GauntletUI.Mission.Singleplayer.MissionGauntletOr...     1259       0.59      0.000      0.005      3.926
[14:35:37] (engine/unattributed)    MissionBehav.TaleWorlds.MountAndBlade.AgentVictoryLogic.OnMissionTick                          1259       0.49      0.000      0.002      0.020
[14:35:37] (engine/unattributed)    MissionBehav.TaleWorlds.MountAndBlade.Missions.MissionLogics.MissionObjectiveLogic.OnMi...     1259       0.43      0.000      0.006      0.006
[14:35:37] (engine/unattributed)    MissionBehav.TaleWorlds.MountAndBlade.CasualtyHandler.OnAgentRemoved                             60       0.43      0.007      0.214      0.214
[14:35:37] (engine/unattributed)    MissionBehav.TaleWorlds.MountAndBlade.View.MissionViews.Sound.MusicBattleMissionView.On...       60       0.36      0.006      0.194      0.194
[14:35:37] (engine/unattributed)    MissionBehav.TaleWorlds.MountAndBlade.MissionBoundaryCrossingHandler.OnAgentRemoved              60       0.28      0.005      0.231      0.231
[14:35:37] RBM                      MissionBehav.RBM.AgentStatusBar.UnitStatusMissionView.OnAgentRemoved                             60       0.27      0.005      0.225      0.225
[14:35:37] (engine/unattributed)    MissionBehav.TaleWorlds.MountAndBlade.View.MissionViews.MissionAgentLabelView.OnAgentRe...       60       0.19      0.003      0.008      0.008
[14:35:37] RTSCamera                MissionBehav.RTSCamera.CommandSystem.Logic.CommandSystemLogic.OnAgentRemoved                     60       0.18      0.003      0.118      0.118
[14:35:37] (engine/unattributed)    MissionBehav.TaleWorlds.MountAndBlade.BattleReinforcementsSpawnController.OnMissionTick        1259       0.14      0.000      0.001      0.014
[14:35:37] EnhancedSiegeMorale      MissionBehav.EnhancedSiegeMorale.SiegeMoraleTracker.OnMissionTick                              1259       0.14      0.000      0.002      0.344
[14:35:37] (engine/unattributed)    MissionBehav.TaleWorlds.MountAndBlade.BattleHighlightsController.OnAgentRemoved                  60       0.13      0.002      0.069      0.069
[14:35:37] FrontlineMod             MissionBehav.FrontlineMod.FrontlineCleanupBehavior.OnAgentRemoved                                60       0.13      0.002      0.068      0.068
[14:35:37] (engine/unattributed)    MissionBehav.TaleWorlds.MountAndBlade.CustomBattleAgentLogic.OnAgentRemoved                      60       0.10      0.002      0.044      0.044
[14:35:37] StaminaSystem            MissionBehav.StaminaSystem.StaminaMissionBehavior.OnAgentRemoved                                 60       0.09      0.001      0.003      0.003
[14:35:37] (engine/unattributed)    MissionBehav.TaleWorlds.MountAndBlade.View.MissionViews.MissionMainAgentController.OnAg...       60       0.07      0.001      0.002      0.002
[14:35:37] (engine/unattributed)    MissionBehav.TaleWorlds.MountAndBlade.HighlightsController.OnAgentRemoved                        60       0.07      0.001      0.002      0.002
[14:35:37] LootBetweenSieges        MissionBehav.LootBetweenSieges.SiegeLootMissionBehavior.OnAgentRemoved                           60       0.06      0.001      0.003      0.003
[14:35:37] EnhancedSiegeMorale      MissionBehav.EnhancedSiegeMorale.SiegeNoRetreatBehavior.OnAgentRemoved                           60       0.06      0.001      0.002      0.002
[14:35:37] RTSCamera                MissionBehav.RTSCamera.View.FlyCameraMissionView.OnAgentRemoved                                  60       0.06      0.001      0.002      0.002
[14:35:37] (engine/unattributed)    MissionBehav.TaleWorlds.MountAndBlade.GauntletUI.Mission.MissionGauntletMainAgentContro...       60       0.06      0.001      0.002      0.002
[14:35:37] (engine/unattributed)    MissionBehav.TaleWorlds.MountAndBlade.GauntletUI.Mission.MissionGauntletMainAgentEquipD...       60       0.06      0.001      0.002      0.002
[14:35:37] (engine/unattributed)    MissionBehav.TaleWorlds.MountAndBlade.AgentVictoryLogic.OnAgentRemoved                           60       0.06      0.001      0.002      0.002
[14:35:37] (engine/unattributed)    MissionBehav.TaleWorlds.MountAndBlade.View.MissionViews.MissionGamepadEffectsView.OnAge...       60       0.06      0.001      0.001      0.001
[14:35:37] (engine/unattributed)    MissionBehav.TaleWorlds.MountAndBlade.BannerBearerLogic.OnAgentRemoved                           60       0.05      0.001      0.001      0.001
[14:35:37] (engine/unattributed)    MissionBehav.TaleWorlds.MountAndBlade.BattleEndLogic.OnAgentRemoved                              60       0.00      0.000      0.001      0.001
[14:35:37] === END REPORT ===
[14:35:37] === PER-MOD TOTALS (this window, ms — overlapping/nested, not additive) ===
[14:35:37]        3580.80  (engine/unattributed)
[14:35:37]        1179.30  ArtemsCinematicCombat
[14:35:37]         698.58  RBM
[14:35:37]         167.10  BetterPikes
[14:35:37]          95.67  StaminaSystem
[14:35:37]          40.07  BreakablePolearms
[14:35:37]          24.29  ArtemsCinematicCharges
[14:35:37]          19.22  AIKickNBash
[14:35:37]          17.40  ArtemsLivelyAnimations
[14:35:37]          14.80  BattleOrderTweaks
[14:35:37]          12.79  CinematicCombatMasterstrikeLogic
[14:35:37]           6.21  RTSCamera
[14:35:37]           5.19  ProperShieldWalls
[14:35:37]           3.11  RealisticCombatSounds
[14:35:37]           1.57  Immersive_Battlefields
[14:35:37]           1.09  DismembermentPlus
[14:35:37]           1.08  FormationFilter
[14:35:37]           1.03  EnhancedSiegeMorale
[14:35:37]           0.98  SiegeArcherPoints
[14:35:37]           0.94  LootBetweenSieges
[14:35:37]           0.69  MissionSharedLibrary
[14:35:37]           0.13  FrontlineMod
[14:35:37] === END PER-MOD TOTALS ===
[14:35:38] MEMORY(mission): Current=281.0MB Sample=+1.5MB Total=+7.2MB t=85s
[14:35:39] MEMORY(mission): Current=285.4MB Sample=+4.4MB Total=+11.6MB t=90s
[14:35:40] MEMORY(mission): Current=287.5MB Sample=+2.2MB Total=+13.8MB t=95s
[14:35:41] MEMORY(mission): Current=287.4MB Sample=-0.1MB Total=+13.6MB t=100s
[14:35:42] MEMORY(mission): Current=238.9MB Sample=-48.6MB Total=-34.9MB t=105s
[14:35:43] MEMORY(mission): Current=239.9MB Sample=+1.1MB Total=-33.8MB t=110s
[14:35:43] MEMORY(mission): Current=241.9MB Sample=+2.0MB Total=-31.9MB t=115s
[14:35:44] MEMORY(mission): Current=240.9MB Sample=-1.0MB Total=-32.9MB t=120s
[14:35:45] MEMORY(mission): Current=245.0MB Sample=+4.2MB Total=-28.7MB t=125s
[14:35:46] MEMORY(mission): Current=244.6MB Sample=-0.4MB Total=-29.2MB t=130s
[14:35:47] MEMORY(mission): Current=250.2MB Sample=+5.6MB Total=-23.6MB t=135s
[14:35:47] === PERFORMANCE REPORT ===
[14:35:47] Owner                    Method                                                                                        Calls  Total(ms)    Avg(ms)    Max(ms) SessMax(ms)
[14:35:47] ------------------------------------------------------------------------------------------------------------------------------------------------------------------------
[14:35:47] (engine/unattributed)    Mission.Frame(all)                                                                             1266    5221.02      4.124     10.628     29.981
[14:35:47] ArtemsCinematicCombat    MissionBehav.ArtemsCinematicCombat.CCShieldTauntTroopsData.OnMissionTick                       1267     771.18      0.609      1.671      4.195
[14:35:47] RBM                      MissionBehav.RBM.AgentStatusBar.UnitStatusMissionView.OnMissionTick                            1267     482.14      0.381      3.253     56.238
[14:35:47] ArtemsCinematicCombat    MissionBehav.ArtemsCinematicCombat.CinematicCombatMissionLogic.OnMissionTick                   1267     211.15      0.167      2.430     26.795
[14:35:47] BetterPikes              MissionBehav.BetterPikes.BetterPikesMissionBehavior.OnMissionTick                              1267     136.46      0.108      1.264      1.310
[14:35:47] StaminaSystem            MissionBehav.StaminaSystem.StaminaMissionBehavior.OnMissionTick                                1267     126.82      0.100      3.361      3.361
[14:35:47] BreakablePolearms        MissionBehav.BreakablePolearms.BreakablePolearmsMissionBehavior.OnMissionTick                  1267      40.32      0.032      1.573      1.573
[14:35:47] ArtemsLivelyAnimations   MissionBehav.ArtemsLivelyAnimations.ArtemsLivelyAnimationsMissionLogic.OnMissionTick           1267      31.45      0.025      0.470      2.994
[14:35:47] (engine/unattributed)    MissionBehav.TaleWorlds.MountAndBlade.View.MissionViews.MissionAgentLabelView.OnMission...     1267      24.44      0.019      0.047      1.146
[14:35:47] CinematicCombatMaster... MissionBehav.CinematicCombatMasterstrikeLogic.OnMissionTick                                    1267      19.05      0.015      0.998      1.437
[14:35:47] AIKickNBash              MissionBehav.AIKickNBash.AIKickNBashMissionBehavior.OnMissionTick                              1267      15.54      0.012      0.262      1.513
[14:35:47] ArtemsCinematicCharges   MissionBehav.ArtemsCinematicCharges.CinematicChargesMissionLogic.OnMissionTick                 1267      15.25      0.012      1.004      2.344
[14:35:47] (engine/unattributed)    MissionBehav.TaleWorlds.MountAndBlade.BattleObserverMissionLogic.OnAgentRemoved                 189      14.74      0.078      0.925      0.925
[14:35:47] (engine/unattributed)    MissionBehav.TaleWorlds.MountAndBlade.GauntletUI.Mission.Singleplayer.MissionGauntletSp...     1267      14.51      0.011      0.041      0.294
[14:35:47] BattleOrderTweaks        MissionBehav.BattleOrderTweaks.VolleyMissionBehavior.OnMissionTick                             1267      12.58      0.010      0.024      4.529
[14:35:47] ArtemsCinematicCharges   MissionBehav.ArtemsCinematicCharges.SprintBehavior.OnMissionTick                               1267      11.53      0.009      0.035      0.995
[14:35:47] StaminaSystem            MissionBehav.StaminaSystem.StaminaUIBehavior.OnMissionTick                                     2534       7.30      0.003      0.063      0.333
[14:35:47] ProperShieldWalls        MissionBehav.ProperShieldWalls.Behaviours.ShieldRotationBehavior.OnMissionTick                 1267       4.81      0.004      0.045      1.171
[14:35:47] RTSCamera                MissionBehav.RTSCamera.Logic.RTSCameraLogic.OnMissionTick                                      1267       4.77      0.004      0.023      5.939
[14:35:47] RealisticCombatSounds    MissionBehav.RealisticCombatSounds.RealisticSoundsMissionBehavior.OnMissionTick                1267       2.94      0.002      0.007      0.223
[14:35:47] (engine/unattributed)    MissionBehav.TaleWorlds.MountAndBlade.MissionBoundaryCrossingHandler.OnMissionTick             1267       2.63      0.002      0.026      0.314
[14:35:47] (engine/unattributed)    MissionBehav.TaleWorlds.MountAndBlade.Source.Missions.Handlers.Logic.AgentMoraleInterac...      189       2.25      0.012      0.035      3.482
[14:35:47] (engine/unattributed)    MissionBehav.TaleWorlds.MountAndBlade.CasualtyHandler.OnAgentRemoved                            190       1.63      0.009      1.058      1.058
[14:35:47] (engine/unattributed)    MissionBehav.TaleWorlds.MountAndBlade.DefaultBattleMissionAgentSpawnLogic.OnMissionTick        1267       1.56      0.001      0.008      1.229
[14:35:47] Immersive_Battlefields   MissionBehav.Immersive_Battlefields.IB_Core.OnMissionTick                                      1267       1.40      0.001      0.005      1.845
[14:35:47] (engine/unattributed)    MissionBehav.TaleWorlds.MountAndBlade.GauntletUI.Mission.MissionGauntletCategoryLoadMan...     1267       1.33      0.001      0.006      0.018
[14:35:47] (engine/unattributed)    MissionBehav.TaleWorlds.MountAndBlade.BattleEndLogic.OnMissionTick                             1267       1.32      0.001      0.005      1.213
[14:35:47] ArtemsCinematicCharges   MissionBehav.ArtemsCinematicCharges.CinematicChargesMissionLogic.OnAgentRemoved                 189       1.03      0.005      0.009      0.851
[14:35:47] SiegeArcherPoints        MissionBehav.SiegeArcherPoints.OnMissionTick                                                   1267       0.99      0.001      0.005      0.458
[14:35:47] (engine/unattributed)    MissionBehav.TaleWorlds.MountAndBlade.BattleReinforcementsSpawnController.OnMissionTick        1267       0.94      0.001      0.858      0.858
[14:35:47] DismembermentPlus        MissionBehav.DismembermentPlus.Logic.DismembermentPlusMissionLogic.OnMissionTick               1267       0.94      0.001      0.002      0.452
[14:35:47] (engine/unattributed)    MissionBehav.TaleWorlds.MountAndBlade.View.MissionViews.Order.OrderTroopPlacer.OnMissio...     1267       0.92      0.001      0.014      0.503
[14:35:47] (engine/unattributed)    MissionBehav.TaleWorlds.MountAndBlade.HighlightsController.OnMissionTick                       1267       0.85      0.001      0.001      1.039
[14:35:47] LootBetweenSieges        MissionBehav.LootBetweenSieges.SiegeLootMissionBehavior.OnMissionTick                          1267       0.79      0.001      0.003      0.338
[14:35:47] (engine/unattributed)    MissionBehav.TaleWorlds.MountAndBlade.BannerBearerLogic.OnMissionTick                          1267       0.74      0.001      0.023      0.336
[14:35:47] FormationFilter          MissionBehav.FormationFilter.Logics.FormationFilterLogic.OnMissionTick                         1267       0.58      0.000      0.016      0.318
[14:35:47] (engine/unattributed)    MissionBehav.TaleWorlds.MountAndBlade.View.MissionViews.MissionAgentLabelView.OnAgentRe...      189       0.54      0.003      0.005      0.008
[14:35:47] EnhancedSiegeMorale      MissionBehav.EnhancedSiegeMorale.SiegeNoRetreatBehavior.OnMissionTick                          1267       0.49      0.000      0.002      0.016
[14:35:47] (engine/unattributed)    MissionBehav.TaleWorlds.MountAndBlade.View.MissionViews.Sound.MusicBattleMissionView.On...      189       0.47      0.002      0.008      0.194
[14:35:47] (engine/unattributed)    MissionBehav.TaleWorlds.MountAndBlade.GauntletUI.Mission.Singleplayer.MissionGauntletOr...     1267       0.38      0.000      0.002      3.926
[14:35:47] StaminaSystem            MissionBehav.StaminaSystem.StaminaMissionBehavior.OnAgentRemoved                                189       0.32      0.002      0.003      0.003
[14:35:47] (engine/unattributed)    MissionBehav.TaleWorlds.MountAndBlade.AgentVictoryLogic.OnMissionTick                          1267       0.30      0.000      0.002      0.020
[14:35:47] (engine/unattributed)    MissionBehav.TaleWorlds.MountAndBlade.Missions.MissionLogics.MissionObjectiveLogic.OnMi...     1267       0.23      0.000      0.001      0.006
[14:35:47] (engine/unattributed)    MissionBehav.TaleWorlds.MountAndBlade.View.MissionViews.MissionMainAgentController.OnAg...      189       0.22      0.001      0.002      0.002
[14:35:47] (engine/unattributed)    MissionBehav.TaleWorlds.MountAndBlade.HighlightsController.OnAgentRemoved                       189       0.20      0.001      0.005      0.005
[14:35:47] MissionSharedLibrary     MissionBehav.MissionSharedLibrary.Controller.MissionBehaviors.MissionLibraryLogic.OnMis...     1267       0.20      0.000      0.006      0.352
[14:35:47] (engine/unattributed)    MissionBehav.TaleWorlds.MountAndBlade.BattleHighlightsController.OnAgentRemoved                 189       0.19      0.001      0.002      0.069
[14:35:47] (engine/unattributed)    MissionBehav.TaleWorlds.MountAndBlade.AgentVictoryLogic.OnAgentRemoved                          189       0.19      0.001      0.005      0.005
[14:35:47] FrontlineMod             MissionBehav.FrontlineMod.FrontlineCleanupBehavior.OnAgentRemoved                               189       0.19      0.001      0.002      0.068
[14:35:47] EnhancedSiegeMorale      MissionBehav.EnhancedSiegeMorale.SiegeNoRetreatBehavior.OnAgentRemoved                          189       0.18      0.001      0.002      0.002
[14:35:47] RTSCamera                MissionBehav.RTSCamera.View.FlyCameraMissionView.OnAgentRemoved                                 189       0.18      0.001      0.002      0.002
[14:35:47] (engine/unattributed)    MissionBehav.TaleWorlds.MountAndBlade.GauntletUI.Mission.MissionGauntletMainAgentEquipD...      189       0.18      0.001      0.006      0.006
[14:35:47] RTSCamera                MissionBehav.RTSCamera.CommandSystem.Logic.CommandSystemLogic.OnAgentRemoved                    189       0.17      0.001      0.002      0.118
[14:35:47] (engine/unattributed)    MissionBehav.TaleWorlds.MountAndBlade.GauntletUI.Mission.MissionGauntletMainAgentContro...      189       0.17      0.001      0.001      0.002
[14:35:47] LootBetweenSieges        MissionBehav.LootBetweenSieges.SiegeLootMissionBehavior.OnAgentRemoved                          189       0.16      0.001      0.002      0.003
[14:35:47] (engine/unattributed)    MissionBehav.TaleWorlds.MountAndBlade.View.MissionViews.MissionGamepadEffectsView.OnAge...      189       0.16      0.001      0.002      0.002
[14:35:47] (engine/unattributed)    MissionBehav.TaleWorlds.MountAndBlade.CustomBattleAgentLogic.OnAgentRemoved                     189       0.16      0.001      0.001      0.044
[14:35:47] RTSCamera                MissionBehav.RTSCamera.Logic.RTSCameraLogic.OnAgentRemoved                                      189       0.16      0.001      0.001      0.771
[14:35:47] RBM                      MissionBehav.RBM.AgentStatusBar.UnitStatusMissionView.OnAgentRemoved                            189       0.13      0.001      0.001      0.225
[14:35:47] (engine/unattributed)    MissionBehav.TaleWorlds.MountAndBlade.BannerBearerLogic.OnAgentRemoved                          189       0.12      0.001      0.001      0.001
[14:35:47] (engine/unattributed)    MissionBehav.TaleWorlds.MountAndBlade.MissionBoundaryCrossingHandler.OnAgentRemoved             189       0.11      0.001      0.001      0.231
[14:35:47] EnhancedSiegeMorale      MissionBehav.EnhancedSiegeMorale.SiegeMoraleTracker.OnMissionTick                              1267       0.09      0.000      0.006      0.344
[14:35:47] (engine/unattributed)    MissionBehav.TaleWorlds.MountAndBlade.BattleEndLogic.OnAgentRemoved                             189       0.01      0.000      0.001      0.001
[14:35:47] === END REPORT ===
[14:35:47] === PER-MOD TOTALS (this window, ms — overlapping/nested, not additive) ===
[14:35:47]        5292.50  (engine/unattributed)
[14:35:47]         982.33  ArtemsCinematicCombat
[14:35:47]         482.28  RBM
[14:35:47]         136.46  BetterPikes
[14:35:47]         134.44  StaminaSystem
[14:35:47]          40.32  BreakablePolearms
[14:35:47]          31.45  ArtemsLivelyAnimations
[14:35:47]          27.81  ArtemsCinematicCharges
[14:35:47]          19.05  CinematicCombatMasterstrikeLogic
[14:35:47]          15.54  AIKickNBash
[14:35:47]          12.58  BattleOrderTweaks
[14:35:47]           5.28  RTSCamera
[14:35:47]           4.81  ProperShieldWalls
[14:35:47]           2.94  RealisticCombatSounds
[14:35:47]           1.40  Immersive_Battlefields
[14:35:47]           0.99  SiegeArcherPoints
[14:35:47]           0.95  LootBetweenSieges
[14:35:47]           0.94  DismembermentPlus
[14:35:47]           0.76  EnhancedSiegeMorale
[14:35:47]           0.58  FormationFilter
[14:35:47]           0.20  MissionSharedLibrary
[14:35:47]           0.19  FrontlineMod
[14:35:47] === END PER-MOD TOTALS ===
[14:35:48] MEMORY(mission): Current=252.3MB Sample=+2.1MB Total=-21.5MB t=140s
[14:35:48] MEMORY(mission): Current=250.8MB Sample=-1.5MB Total=-23.0MB t=146s
[14:35:49] MEMORY(mission): Current=253.9MB Sample=+3.1MB Total=-19.9MB t=151s
[14:35:50] MEMORY(mission): Current=252.3MB Sample=-1.6MB Total=-21.5MB t=156s
[14:35:51] MEMORY(mission): Current=256.1MB Sample=+3.8MB Total=-17.7MB t=161s
[14:35:52] MEMORY(mission): Current=260.1MB Sample=+4.0MB Total=-13.7MB t=166s
[14:35:52] MEMORY(mission): Current=260.8MB Sample=+0.7MB Total=-13.0MB t=171s
[14:35:53] MEMORY(mission): Current=259.6MB Sample=-1.2MB Total=-14.2MB t=176s
[14:35:54] MEMORY(mission): Current=262.3MB Sample=+2.7MB Total=-11.5MB t=181s
[14:35:55] MEMORY(mission): Current=258.9MB Sample=-3.4MB Total=-14.9MB t=186s
[14:35:56] MEMORY(mission): Current=262.8MB Sample=+3.9MB Total=-11.0MB t=191s
[14:35:56] MEMORY(mission): Current=266.2MB Sample=+3.4MB Total=-7.6MB t=196s
[14:35:57] MEMORY(mission): Current=266.4MB Sample=+0.2MB Total=-7.4MB t=201s
[14:35:57] === PERFORMANCE REPORT ===
[14:35:57] Owner                    Method                                                                                        Calls  Total(ms)    Avg(ms)    Max(ms) SessMax(ms)
[14:35:57] ------------------------------------------------------------------------------------------------------------------------------------------------------------------------
[14:35:57] (engine/unattributed)    Mission.Frame(all)                                                                             1943    5004.06      2.575     17.047     29.981
[14:35:57] ArtemsCinematicCombat    MissionBehav.ArtemsCinematicCombat.CCShieldTauntTroopsData.OnMissionTick                       1942     499.43      0.257      2.419      4.195
[14:35:57] RBM                      MissionBehav.RBM.AgentStatusBar.UnitStatusMissionView.OnMissionTick                            1942     403.78      0.208      2.890     56.238
[14:35:57] ArtemsCinematicCombat    MissionBehav.ArtemsCinematicCombat.CinematicCombatMissionLogic.OnMissionTick                   1942     223.24      0.115      1.730     26.795
[14:35:57] BetterPikes              MissionBehav.BetterPikes.BetterPikesMissionBehavior.OnMissionTick                              1942     141.12      0.073      2.208      2.208
[14:35:57] StaminaSystem            MissionBehav.StaminaSystem.StaminaMissionBehavior.OnMissionTick                                1942     126.19      0.065      0.214      3.361
[14:35:57] BreakablePolearms        MissionBehav.BreakablePolearms.BreakablePolearmsMissionBehavior.OnMissionTick                  1942      58.56      0.030      1.282      1.573
[14:35:57] ArtemsLivelyAnimations   MissionBehav.ArtemsLivelyAnimations.ArtemsLivelyAnimationsMissionLogic.OnMissionTick           1942      29.34      0.015      0.806      2.994
[14:35:57] CinematicCombatMaster... MissionBehav.CinematicCombatMasterstrikeLogic.OnMissionTick                                    1942      25.35      0.013      0.836      1.437
[14:35:57] ArtemsCinematicCharges   MissionBehav.ArtemsCinematicCharges.CinematicChargesMissionLogic.OnMissionTick                 1942      21.43      0.011      1.044      2.344
[14:35:57] (engine/unattributed)    MissionBehav.TaleWorlds.MountAndBlade.GauntletUI.Mission.Singleplayer.MissionGauntletSp...     1942      21.01      0.011      0.789      0.789
[14:35:57] ArtemsCinematicCharges   MissionBehav.ArtemsCinematicCharges.SprintBehavior.OnMissionTick                               1942      18.51      0.010      0.772      0.995
[14:35:57] (engine/unattributed)    MissionBehav.TaleWorlds.MountAndBlade.View.MissionViews.MissionAgentLabelView.OnMission...     1942      17.46      0.009      0.068      1.146
[14:35:57] BattleOrderTweaks        MissionBehav.BattleOrderTweaks.VolleyMissionBehavior.OnMissionTick                             1942      14.51      0.007      0.038      4.529
[14:35:57] (engine/unattributed)    MissionBehav.TaleWorlds.MountAndBlade.BattleObserverMissionLogic.OnAgentRemoved                 181      13.94      0.077      0.158      0.925
[14:35:57] StaminaSystem            MissionBehav.StaminaSystem.StaminaUIBehavior.OnMissionTick                                     3884       8.93      0.002      0.069      0.333
[14:35:57] AIKickNBash              MissionBehav.AIKickNBash.AIKickNBashMissionBehavior.OnMissionTick                              1942       8.03      0.004      0.130      1.513
[14:35:57] ProperShieldWalls        MissionBehav.ProperShieldWalls.Behaviours.ShieldRotationBehavior.OnMissionTick                 1942       6.39      0.003      0.043      1.171
[14:35:57] RTSCamera                MissionBehav.RTSCamera.Logic.RTSCameraLogic.OnMissionTick                                      1942       6.16      0.003      0.032      5.939
[14:35:57] RealisticCombatSounds    MissionBehav.RealisticCombatSounds.RealisticSoundsMissionBehavior.OnMissionTick                1942       4.75      0.002      0.030      0.223
[14:35:57] (engine/unattributed)    MissionBehav.TaleWorlds.MountAndBlade.MissionBoundaryCrossingHandler.OnMissionTick             1942       4.00      0.002      0.028      0.314
[14:35:57] EnhancedSiegeMorale      MissionBehav.EnhancedSiegeMorale.SiegeNoRetreatBehavior.OnMissionTick                          1942       2.75      0.001      2.265      2.265
[14:35:57] (engine/unattributed)    MissionBehav.TaleWorlds.MountAndBlade.Source.Missions.Handlers.Logic.AgentMoraleInterac...      181       2.13      0.012      0.021      3.482
[14:35:57] (engine/unattributed)    MissionBehav.TaleWorlds.MountAndBlade.DefaultBattleMissionAgentSpawnLogic.OnMissionTick        1942       2.08      0.001      0.006      1.229
[14:35:57] Immersive_Battlefields   MissionBehav.Immersive_Battlefields.IB_Core.OnMissionTick                                      1942       2.07      0.001      0.006      1.845
[14:35:57] (engine/unattributed)    MissionBehav.TaleWorlds.MountAndBlade.GauntletUI.Mission.MissionGauntletCategoryLoadMan...     1942       2.01      0.001      0.025      0.025
[14:35:57] (engine/unattributed)    MissionBehav.TaleWorlds.MountAndBlade.HighlightsController.OnAgentRemoved                       181       2.01      0.011      1.656      1.656
[14:35:57] (engine/unattributed)    MissionBehav.TaleWorlds.MountAndBlade.BattleEndLogic.OnMissionTick                             1942       1.91      0.001      0.003      1.213
[14:35:57] LootBetweenSieges        MissionBehav.LootBetweenSieges.SiegeLootMissionBehavior.OnMissionTick                          1942       1.43      0.001      0.715      0.715
[14:35:57] DismembermentPlus        MissionBehav.DismembermentPlus.Logic.DismembermentPlusMissionLogic.OnMissionTick               1942       1.39      0.001      0.011      0.452
[14:35:57] SiegeArcherPoints        MissionBehav.SiegeArcherPoints.OnMissionTick                                                   1942       1.11      0.001      0.005      0.458
[14:35:57] (engine/unattributed)    MissionBehav.TaleWorlds.MountAndBlade.View.MissionViews.Order.OrderTroopPlacer.OnMissio...     1942       1.10      0.001      0.026      0.503
[14:35:57] ArtemsCinematicCharges   MissionBehav.ArtemsCinematicCharges.CinematicChargesMissionLogic.OnAgentRemoved                 181       0.93      0.005      0.013      0.851
[14:35:57] (engine/unattributed)    MissionBehav.TaleWorlds.MountAndBlade.HighlightsController.OnMissionTick                       1942       0.88      0.000      0.014      1.039
[14:35:57] (engine/unattributed)    MissionBehav.TaleWorlds.MountAndBlade.View.MissionViews.Sound.MusicBattleMissionView.On...      181       0.71      0.004      0.246      0.246
[14:35:57] (engine/unattributed)    MissionBehav.TaleWorlds.MountAndBlade.BannerBearerLogic.OnMissionTick                          1942       0.61      0.000      0.025      0.336
[14:35:57] (engine/unattributed)    MissionBehav.TaleWorlds.MountAndBlade.CasualtyHandler.OnAgentRemoved                            180       0.59      0.003      0.031      1.058
[14:35:57] (engine/unattributed)    MissionBehav.TaleWorlds.MountAndBlade.View.MissionViews.MissionAgentLabelView.OnAgentRe...      181       0.51      0.003      0.006      0.008
[14:35:57] StaminaSystem            MissionBehav.StaminaSystem.StaminaMissionBehavior.OnAgentRemoved                                181       0.36      0.002      0.006      0.006
[14:35:57] FormationFilter          MissionBehav.FormationFilter.Logics.FormationFilterLogic.OnMissionTick                         1942       0.35      0.000      0.002      0.318
[14:35:57] (engine/unattributed)    MissionBehav.TaleWorlds.MountAndBlade.BattleHighlightsController.OnAgentRemoved                 181       0.29      0.002      0.094      0.094
[14:35:57] (engine/unattributed)    MissionBehav.TaleWorlds.MountAndBlade.AgentVictoryLogic.OnMissionTick                          1942       0.23      0.000      0.005      0.020
[14:35:57] (engine/unattributed)    MissionBehav.TaleWorlds.MountAndBlade.GauntletUI.Mission.Singleplayer.MissionGauntletOr...     1942       0.23      0.000      0.003      3.926
[14:35:57] (engine/unattributed)    MissionBehav.TaleWorlds.MountAndBlade.Missions.MissionLogics.MissionObjectiveLogic.OnMi...     1942       0.23      0.000      0.053      0.053
[14:35:57] (engine/unattributed)    MissionBehav.TaleWorlds.MountAndBlade.View.MissionViews.MissionMainAgentController.OnAg...      181       0.21      0.001      0.002      0.002
[14:35:57] FrontlineMod             MissionBehav.FrontlineMod.FrontlineCleanupBehavior.OnAgentRemoved                               181       0.19      0.001      0.002      0.068
[14:35:57] EnhancedSiegeMorale      MissionBehav.EnhancedSiegeMorale.SiegeNoRetreatBehavior.OnAgentRemoved                          181       0.18      0.001      0.002      0.002
[14:35:57] (engine/unattributed)    MissionBehav.TaleWorlds.MountAndBlade.AgentVictoryLogic.OnAgentRemoved                          181       0.17      0.001      0.001      0.005
[14:35:57] RTSCamera                MissionBehav.RTSCamera.View.FlyCameraMissionView.OnAgentRemoved                                 181       0.17      0.001      0.002      0.002
[14:35:57] RTSCamera                MissionBehav.RTSCamera.CommandSystem.Logic.CommandSystemLogic.OnAgentRemoved                    181       0.17      0.001      0.002      0.118
[14:35:57] (engine/unattributed)    MissionBehav.TaleWorlds.MountAndBlade.GauntletUI.Mission.MissionGauntletMainAgentEquipD...      181       0.17      0.001      0.002      0.006
[14:35:57] (engine/unattributed)    MissionBehav.TaleWorlds.MountAndBlade.GauntletUI.Mission.MissionGauntletMainAgentContro...      181       0.17      0.001      0.003      0.003
[14:35:57] (engine/unattributed)    MissionBehav.TaleWorlds.MountAndBlade.CustomBattleAgentLogic.OnAgentRemoved                     181       0.16      0.001      0.002      0.044
[14:35:57] LootBetweenSieges        MissionBehav.LootBetweenSieges.SiegeLootMissionBehavior.OnAgentRemoved                          181       0.16      0.001      0.002      0.003
[14:35:57] (engine/unattributed)    MissionBehav.TaleWorlds.MountAndBlade.View.MissionViews.MissionGamepadEffectsView.OnAge...      181       0.16      0.001      0.001      0.002
[14:35:57] RTSCamera                MissionBehav.RTSCamera.Logic.RTSCameraLogic.OnAgentRemoved                                      181       0.16      0.001      0.002      0.771
[14:35:57] MissionSharedLibrary     MissionBehav.MissionSharedLibrary.Controller.MissionBehaviors.MissionLibraryLogic.OnMis...     1942       0.13      0.000      0.001      0.352
[14:35:57] RBM                      MissionBehav.RBM.AgentStatusBar.UnitStatusMissionView.OnAgentRemoved                            181       0.13      0.001      0.001      0.225
[14:35:57] (engine/unattributed)    MissionBehav.TaleWorlds.MountAndBlade.MissionBoundaryCrossingHandler.OnAgentRemoved             181       0.11      0.001      0.026      0.231
[14:35:57] (engine/unattributed)    MissionBehav.TaleWorlds.MountAndBlade.BannerBearerLogic.OnAgentRemoved                          181       0.11      0.001      0.001      0.001
[14:35:57] (engine/unattributed)    MissionBehav.TaleWorlds.MountAndBlade.BattleReinforcementsSpawnController.OnMissionTick        1942       0.07      0.000      0.002      0.858
[14:35:57] EnhancedSiegeMorale      MissionBehav.EnhancedSiegeMorale.SiegeMoraleTracker.OnMissionTick                              1942       0.06      0.000      0.002      0.344
[14:35:57] (engine/unattributed)    MissionBehav.TaleWorlds.MountAndBlade.BattleEndLogic.OnAgentRemoved                             181       0.01      0.000      0.001      0.001
[14:35:57] === END REPORT ===
[14:35:57] === PER-MOD TOTALS (this window, ms — overlapping/nested, not additive) ===
[14:35:57]        5077.34  (engine/unattributed)
[14:35:57]         722.67  ArtemsCinematicCombat
[14:35:57]         403.90  RBM
[14:35:57]         141.12  BetterPikes
[14:35:57]         135.48  StaminaSystem
[14:35:57]          58.56  BreakablePolearms
[14:35:57]          40.87  ArtemsCinematicCharges
[14:35:57]          29.34  ArtemsLivelyAnimations
[14:35:57]          25.35  CinematicCombatMasterstrikeLogic
[14:35:57]          14.51  BattleOrderTweaks
[14:35:57]           8.03  AIKickNBash
[14:35:57]           6.66  RTSCamera
[14:35:57]           6.39  ProperShieldWalls
[14:35:57]           4.75  RealisticCombatSounds
[14:35:57]           2.99  EnhancedSiegeMorale
[14:35:57]           2.07  Immersive_Battlefields
[14:35:57]           1.60  LootBetweenSieges
[14:35:57]           1.39  DismembermentPlus
[14:35:57]           1.11  SiegeArcherPoints
[14:35:57]           0.35  FormationFilter
[14:35:57]           0.19  FrontlineMod
[14:35:57]           0.13  MissionSharedLibrary
[14:35:57] === END PER-MOD TOTALS ===
[14:35:58] MEMORY(mission): Current=262.5MB Sample=-3.9MB Total=-11.3MB t=206s
[14:35:59] MEMORY(mission): Current=268.7MB Sample=+6.2MB Total=-5.1MB t=211s
[14:36:00] MEMORY(mission): Current=267.1MB Sample=-1.5MB Total=-6.6MB t=216s
[14:36:00] MEMORY(mission): Current=265.7MB Sample=-1.4MB Total=-8.1MB t=221s
[14:36:01] MEMORY(mission): Current=270.5MB Sample=+4.8MB Total=-3.3MB t=226s
[14:36:02] MEMORY(mission): Current=267.9MB Sample=-2.6MB Total=-5.9MB t=231s
[14:36:03] MEMORY(mission): Current=268.2MB Sample=+0.3MB Total=-5.6MB t=236s
[14:36:04] MEMORY(mission): Current=271.1MB Sample=+2.9MB Total=-2.7MB t=241s
[14:36:05] MEMORY(mission): Current=272.6MB Sample=+1.5MB Total=-1.2MB t=246s
[14:36:05] MEMORY(mission): Current=271.8MB Sample=-0.8MB Total=-2.0MB t=251s
[14:36:06] MEMORY(mission): Current=273.9MB Sample=+2.1MB Total=+0.1MB t=256s
[14:36:07] MEMORY(mission): Current=274.0MB Sample=+0.1MB Total=+0.2MB t=261s
[14:36:07] === PERFORMANCE REPORT ===
[14:36:07] Owner                    Method                                                                                        Calls  Total(ms)    Avg(ms)    Max(ms) SessMax(ms)
[14:36:07] ------------------------------------------------------------------------------------------------------------------------------------------------------------------------
[14:36:07] (engine/unattributed)    Mission.Frame(all)                                                                             2303    3368.39      1.463     16.250     29.981
[14:36:07] RBM                      MissionBehav.RBM.AgentStatusBar.UnitStatusMissionView.OnMissionTick                            2303     212.70      0.092      1.782     56.238
[14:36:07] ArtemsCinematicCombat    MissionBehav.ArtemsCinematicCombat.CCShieldTauntTroopsData.OnMissionTick                       2303     177.83      0.077      1.910      4.195
[14:36:07] ArtemsCinematicCombat    MissionBehav.ArtemsCinematicCombat.CinematicCombatMissionLogic.OnMissionTick                   2303     140.63      0.061      1.137     26.795
[14:36:07] BetterPikes              MissionBehav.BetterPikes.BetterPikesMissionBehavior.OnMissionTick                              2303      81.93      0.036      1.006      2.208
[14:36:07] StaminaSystem            MissionBehav.StaminaSystem.StaminaMissionBehavior.OnMissionTick                                2303      69.44      0.030      0.193      3.361
[14:36:07] BreakablePolearms        MissionBehav.BreakablePolearms.BreakablePolearmsMissionBehavior.OnMissionTick                  2303      67.01      0.029      0.955      1.573
[14:36:07] (engine/unattributed)    MissionBehav.TaleWorlds.MountAndBlade.GauntletUI.Mission.Singleplayer.MissionGauntletSp...     2303      23.61      0.010      1.138      1.138
[14:36:07] ArtemsCinematicCharges   MissionBehav.ArtemsCinematicCharges.SprintBehavior.OnMissionTick                               2303      17.91      0.008      0.062      0.995
[14:36:07] CinematicCombatMaster... MissionBehav.CinematicCombatMasterstrikeLogic.OnMissionTick                                    2303      17.71      0.008      0.335      1.437
[14:36:07] ArtemsCinematicCharges   MissionBehav.ArtemsCinematicCharges.CinematicChargesMissionLogic.OnMissionTick                 2303      12.97      0.006      0.935      2.344
[14:36:07] BattleOrderTweaks        MissionBehav.BattleOrderTweaks.VolleyMissionBehavior.OnMissionTick                             2303      12.69      0.006      0.051      4.529
[14:36:07] ArtemsLivelyAnimations   MissionBehav.ArtemsLivelyAnimations.ArtemsLivelyAnimationsMissionLogic.OnMissionTick           2303      12.54      0.005      0.288      2.994
[14:36:07] (engine/unattributed)    MissionBehav.TaleWorlds.MountAndBlade.View.MissionViews.MissionAgentLabelView.OnMission...     2303      12.24      0.005      0.050      1.146
[14:36:07] StaminaSystem            MissionBehav.StaminaSystem.StaminaUIBehavior.OnMissionTick                                     4606       9.53      0.002      0.228      0.333
[14:36:07] (engine/unattributed)    MissionBehav.TaleWorlds.MountAndBlade.BattleObserverMissionLogic.OnAgentRemoved                 114       9.18      0.081      0.160      0.925
[14:36:07] RTSCamera                MissionBehav.RTSCamera.Logic.RTSCameraLogic.OnMissionTick                                      2303       6.57      0.003      0.025      5.939
[14:36:07] ProperShieldWalls        MissionBehav.ProperShieldWalls.Behaviours.ShieldRotationBehavior.OnMissionTick                 2303       6.51      0.003      0.040      1.171
[14:36:07] RealisticCombatSounds    MissionBehav.RealisticCombatSounds.RealisticSoundsMissionBehavior.OnMissionTick                2303       5.88      0.003      0.217      0.223
[14:36:07] (engine/unattributed)    MissionBehav.TaleWorlds.MountAndBlade.BattleEndLogic.OnMissionTick                             2303       4.96      0.002      2.721      2.721
[14:36:07] (engine/unattributed)    MissionBehav.TaleWorlds.MountAndBlade.MissionBoundaryCrossingHandler.OnMissionTick             2303       4.78      0.002      0.035      0.314
[14:36:07] AIKickNBash              MissionBehav.AIKickNBash.AIKickNBashMissionBehavior.OnMissionTick                              2303       2.69      0.001      0.057      1.513
[14:36:07] (engine/unattributed)    MissionBehav.TaleWorlds.MountAndBlade.DefaultBattleMissionAgentSpawnLogic.OnMissionTick        2303       2.51      0.001      0.031      1.229
[14:36:07] Immersive_Battlefields   MissionBehav.Immersive_Battlefields.IB_Core.OnMissionTick                                      2303       2.50      0.001      0.058      1.845
[14:36:07] (engine/unattributed)    MissionBehav.TaleWorlds.MountAndBlade.GauntletUI.Mission.MissionGauntletCategoryLoadMan...     2303       2.32      0.001      0.005      0.025
[14:36:07] DismembermentPlus        MissionBehav.DismembermentPlus.Logic.DismembermentPlusMissionLogic.OnMissionTick               2303       1.46      0.001      0.002      0.452
[14:36:07] (engine/unattributed)    MissionBehav.TaleWorlds.MountAndBlade.AgentVictoryLogic.OnMissionTick                          2303       1.42      0.001      1.083      1.083
[14:36:07] (engine/unattributed)    MissionBehav.TaleWorlds.MountAndBlade.Source.Missions.Handlers.Logic.AgentMoraleInterac...      114       1.37      0.012      0.058      3.482
[14:36:07] (engine/unattributed)    MissionBehav.TaleWorlds.MountAndBlade.GauntletUI.Mission.Singleplayer.MissionGauntletOr...     2303       1.13      0.000      0.903      3.926
[14:36:07] EnhancedSiegeMorale      MissionBehav.EnhancedSiegeMorale.SiegeMoraleTracker.OnMissionTick                              2303       1.08      0.000      0.994      0.994
[14:36:07] (engine/unattributed)    MissionBehav.TaleWorlds.MountAndBlade.View.MissionViews.Order.OrderTroopPlacer.OnMissio...     2303       0.95      0.000      0.005      0.503
[14:36:07] SiegeArcherPoints        MissionBehav.SiegeArcherPoints.OnMissionTick                                                   2303       0.85      0.000      0.002      0.458
[14:36:07] (engine/unattributed)    MissionBehav.TaleWorlds.MountAndBlade.HighlightsController.OnMissionTick                       2303       0.72      0.000      0.022      1.039
[14:36:07] ArtemsCinematicCharges   MissionBehav.ArtemsCinematicCharges.CinematicChargesMissionLogic.OnAgentRemoved                 114       0.58      0.005      0.010      0.851
[14:36:07] (engine/unattributed)    MissionBehav.TaleWorlds.MountAndBlade.View.MissionViews.Sound.MusicBattleMissionView.On...      114       0.57      0.005      0.241      0.246
[14:36:07] EnhancedSiegeMorale      MissionBehav.EnhancedSiegeMorale.SiegeNoRetreatBehavior.OnMissionTick                          2303       0.55      0.000      0.001      2.265
[14:36:07] (engine/unattributed)    MissionBehav.TaleWorlds.MountAndBlade.BannerBearerLogic.OnMissionTick                          2303       0.51      0.000      0.016      0.336
[14:36:07] LootBetweenSieges        MissionBehav.LootBetweenSieges.SiegeLootMissionBehavior.OnMissionTick                          2303       0.46      0.000      0.006      0.715
[14:36:07] FormationFilter          MissionBehav.FormationFilter.Logics.FormationFilterLogic.OnMissionTick                         2303       0.40      0.000      0.002      0.318
[14:36:07] (engine/unattributed)    MissionBehav.TaleWorlds.MountAndBlade.View.MissionViews.MissionAgentLabelView.OnAgentRe...      114       0.34      0.003      0.004      0.008
[14:36:07] (engine/unattributed)    MissionBehav.TaleWorlds.MountAndBlade.CasualtyHandler.OnAgentRemoved                            114       0.30      0.003      0.005      1.058
[14:36:07] (engine/unattributed)    MissionBehav.TaleWorlds.MountAndBlade.Missions.MissionLogics.MissionObjectiveLogic.OnMi...     2303       0.22      0.000      0.002      0.053
[14:36:07] StaminaSystem            MissionBehav.StaminaSystem.StaminaMissionBehavior.OnAgentRemoved                                114       0.21      0.002      0.004      0.006
[14:36:07] (engine/unattributed)    MissionBehav.TaleWorlds.MountAndBlade.View.MissionViews.MissionMainAgentController.OnAg...      114       0.19      0.002      0.052      0.052
[14:36:07] MissionSharedLibrary     MissionBehav.MissionSharedLibrary.Controller.MissionBehaviors.MissionLibraryLogic.OnMis...     2303       0.19      0.000      0.004      0.352
[14:36:07] (engine/unattributed)    MissionBehav.TaleWorlds.MountAndBlade.HighlightsController.OnAgentRemoved                       114       0.14      0.001      0.006      1.656
[14:36:07] FrontlineMod             MissionBehav.FrontlineMod.FrontlineCleanupBehavior.OnAgentRemoved                               114       0.13      0.001      0.002      0.068
[14:36:07] (engine/unattributed)    MissionBehav.TaleWorlds.MountAndBlade.BattleHighlightsController.OnAgentRemoved                 114       0.13      0.001      0.002      0.094
[14:36:07] RTSCamera                MissionBehav.RTSCamera.View.FlyCameraMissionView.OnAgentRemoved                                 114       0.12      0.001      0.004      0.004
[14:36:07] (engine/unattributed)    MissionBehav.TaleWorlds.MountAndBlade.CustomBattleAgentLogic.OnAgentRemoved                     114       0.12      0.001      0.002      0.044
[14:36:07] RTSCamera                MissionBehav.RTSCamera.CommandSystem.Logic.CommandSystemLogic.OnAgentRemoved                    114       0.12      0.001      0.002      0.118
[14:36:07] (engine/unattributed)    MissionBehav.TaleWorlds.MountAndBlade.AgentVictoryLogic.OnAgentRemoved                          114       0.12      0.001      0.002      0.005
[14:36:07] EnhancedSiegeMorale      MissionBehav.EnhancedSiegeMorale.SiegeNoRetreatBehavior.OnAgentRemoved                          114       0.11      0.001      0.002      0.002
[14:36:07] (engine/unattributed)    MissionBehav.TaleWorlds.MountAndBlade.GauntletUI.Mission.MissionGauntletMainAgentContro...      114       0.11      0.001      0.001      0.003
[14:36:07] (engine/unattributed)    MissionBehav.TaleWorlds.MountAndBlade.GauntletUI.Mission.MissionGauntletMainAgentEquipD...      114       0.11      0.001      0.001      0.006
[14:36:07] (engine/unattributed)    MissionBehav.TaleWorlds.MountAndBlade.View.MissionViews.MissionGamepadEffectsView.OnAge...      114       0.11      0.001      0.001      0.002
[14:36:07] LootBetweenSieges        MissionBehav.LootBetweenSieges.SiegeLootMissionBehavior.OnAgentRemoved                          114       0.10      0.001      0.002      0.003
[14:36:07] RTSCamera                MissionBehav.RTSCamera.Logic.RTSCameraLogic.OnAgentRemoved                                      114       0.10      0.001      0.001      0.771
[14:36:07] (engine/unattributed)    MissionBehav.TaleWorlds.MountAndBlade.BattleReinforcementsSpawnController.OnMissionTick        2303       0.09      0.000      0.011      0.858
[14:36:07] (engine/unattributed)    MissionBehav.TaleWorlds.MountAndBlade.BannerBearerLogic.OnAgentRemoved                          114       0.08      0.001      0.001      0.001
[14:36:07] RBM                      MissionBehav.RBM.AgentStatusBar.UnitStatusMissionView.OnAgentRemoved                            114       0.08      0.001      0.001      0.225
[14:36:07] (engine/unattributed)    MissionBehav.TaleWorlds.MountAndBlade.MissionBoundaryCrossingHandler.OnAgentRemoved             114       0.04      0.000      0.001      0.231
[14:36:07] (engine/unattributed)    MissionBehav.TaleWorlds.MountAndBlade.BattleEndLogic.OnAgentRemoved                             114       0.01      0.000      0.001      0.001
[14:36:07] === END REPORT ===
[14:36:07] === PER-MOD TOTALS (this window, ms — overlapping/nested, not additive) ===
[14:36:07]        3436.76  (engine/unattributed)
[14:36:07]         318.46  ArtemsCinematicCombat
[14:36:07]         212.78  RBM
[14:36:07]          81.93  BetterPikes
[14:36:07]          79.18  StaminaSystem
[14:36:07]          67.01  BreakablePolearms
[14:36:07]          31.45  ArtemsCinematicCharges
[14:36:07]          17.71  CinematicCombatMasterstrikeLogic
[14:36:07]          12.69  BattleOrderTweaks
[14:36:07]          12.54  ArtemsLivelyAnimations
[14:36:07]           6.90  RTSCamera
[14:36:07]           6.51  ProperShieldWalls
[14:36:07]           5.88  RealisticCombatSounds
[14:36:07]           2.69  AIKickNBash
[14:36:07]           2.50  Immersive_Battlefields
[14:36:07]           1.75  EnhancedSiegeMorale
[14:36:07]           1.46  DismembermentPlus
[14:36:07]           0.85  SiegeArcherPoints
[14:36:07]           0.57  LootBetweenSieges
[14:36:07]           0.40  FormationFilter
[14:36:07]           0.19  MissionSharedLibrary
[14:36:07]           0.13  FrontlineMod
[14:36:07] === END PER-MOD TOTALS ===
[14:36:15] === SESSION END ===
