[PSW] ---- mission start ----
[PSW] t=20.03 dir=AttackUp strike=Thrust prog=0.000 flags=NormalHit collider=1 shieldBack=0 blockedShield=1 result=Parried altAttack=0 victim=human friend=1 -> BYPASS
[PSW] t=23.18 dir=AttackUp strike=Thrust prog=0.000 flags=NormalHit collider=1 shieldBack=0 blockedShield=1 result=Parried altAttack=0 victim=human friend=1 -> BYPASS
[PSW] t=24.78 dir=AttackUp strike=Thrust prog=0.000 flags=HitWithArm collider=1 shieldBack=0 blockedShield=1 result=Parried altAttack=0 victim=human friend=1 -> BYPASS
[PSW] t=27.62 dir=AttackUp strike=Thrust prog=0.000 flags=NormalHit collider=1 shieldBack=0 blockedShield=1 result=Blocked altAttack=0 victim=human friend=1 -> BYPASS
[PSW] t=28.76 dir=AttackUp strike=Thrust prog=0.000 flags=NormalHit collider=1 shieldBack=0 blockedShield=1 result=Blocked altAttack=0 victim=human friend=1 -> BYPASS
[PSW] t=38.58 dir=AttackUp strike=Thrust prog=0.000 flags=NormalHit collider=1 shieldBack=0 blockedShield=1 result=Parried altAttack=0 victim=human friend=1 -> BYPASS
[PSW] t=40.01 dir=AttackUp strike=Thrust prog=0.000 flags=NormalHit collider=1 shieldBack=0 blockedShield=1 result=Parried altAttack=0 victim=human friend=1 -> BYPASS
[PSW] t=41.30 dir=AttackUp strike=Thrust prog=0.000 flags=NormalHit collider=1 shieldBack=0 blockedShield=1 result=Parried altAttack=0 victim=human friend=1 -> BYPASS
[PSW] t=42.76 dir=AttackUp strike=Thrust prog=0.000 flags=NormalHit collider=1 shieldBack=0 blockedShield=1 result=Parried altAttack=0 victim=human friend=1 -> BYPASS
[PSW] t=45.11 dir=AttackUp strike=Thrust prog=0.001 flags=NormalHit collider=1 shieldBack=0 blockedShield=0 result=StrikeAgent altAttack=0 victim=human friend=1 -> BYPASS
[PSW] t=53.40 dir=AttackUp strike=Thrust prog=0.000 flags=NormalHit collider=1 shieldBack=0 blockedShield=1 result=Parried altAttack=0 victim=human friend=1 -> BYPASS
[PSW] t=54.88 dir=AttackUp strike=Thrust prog=0.000 flags=NormalHit collider=1 shieldBack=0 blockedShield=1 result=Parried altAttack=0 victim=human friend=1 -> BYPASS
[PSW] t=56.38 dir=AttackUp strike=Thrust prog=0.347 flags=NormalHit collider=1 shieldBack=0 blockedShield=1 result=Blocked altAttack=0 victim=human friend=1 -> reject:live-arc
[PSW] t=57.99 dir=AttackUp strike=Thrust prog=1.000 flags=HitWithArm, HitWithBackOfTheWeapon collider=1 shieldBack=0 blockedShield=0 result=StrikeAgent altAttack=0 victim=human friend=1 -> reject:live-arc
[PSW] t=65.10 dir=AttackUp strike=Thrust prog=0.000 flags=NormalHit collider=1 shieldBack=0 blockedShield=1 result=Parried altAttack=0 victim=human friend=1 -> BYPASS
[PSW] t=66.40 dir=AttackDown strike=Thrust prog=0.026 flags=NormalHit collider=1 shieldBack=0 blockedShield=0 result=StrikeAgent altAttack=0 victim=human friend=1 -> BYPASS
[PSW] t=67.30 dir=AttackDown strike=Thrust prog=0.026 flags=NormalHit collider=1 shieldBack=0 blockedShield=0 result=StrikeAgent altAttack=0 victim=human friend=1 -> BYPASS
[PSW] t=68.49 dir=AttackDown strike=Thrust prog=0.495 flags=NormalHit collider=1 shieldBack=0 blockedShield=0 result=StrikeAgent altAttack=0 victim=human friend=1 -> reject:live-arc
[PSW] t=69.68 dir=AttackDown strike=Thrust prog=0.730 flags=NormalHit collider=1 shieldBack=0 blockedShield=1 result=Blocked altAttack=0 victim=human friend=1 -> reject:live-arc
[PSW] t=70.89 dir=AttackUp strike=Thrust prog=0.000 flags=NormalHit collider=1 shieldBack=0 blockedShield=1 result=Parried altAttack=0 victim=human friend=1 -> BYPASS
[PSW] t=72.18 dir=AttackUp strike=Thrust prog=0.001 flags=NormalHit collider=1 shieldBack=0 blockedShield=0 result=StrikeAgent altAttack=0 victim=human friend=1 -> BYPASS
[PSW] t=73.06 dir=AttackUp strike=Thrust prog=0.001 flags=NormalHit collider=1 shieldBack=0 blockedShield=0 result=StrikeAgent altAttack=0 victim=human friend=1 -> BYPASS
[PSW] t=74.21 dir=AttackUp strike=Thrust prog=0.520 flags=HitWithArm, HitWithBackOfTheWeapon collider=1 shieldBack=0 blockedShield=0 result=StrikeAgent altAttack=0 victim=human friend=1 -> reject:live-arc
[PSW] t=75.58 dir=AttackUp strike=Thrust prog=0.519 flags=HitWithArm, HitWithBackOfTheWeapon collider=1 shieldBack=0 blockedShield=0 result=StrikeAgent altAttack=0 victim=human friend=1 -> reject:live-arc
[PSW] t=77.09 dir=AttackUp strike=Thrust prog=0.173 flags=NormalHit collider=1 shieldBack=0 blockedShield=1 result=Blocked altAttack=0 victim=human friend=1 -> BYPASS
[PSW] t=78.07 dir=AttackUp strike=Thrust prog=0.000 flags=NormalHit collider=1 shieldBack=0 blockedShield=1 result=Parried altAttack=0 victim=human friend=1 -> BYPASS
[PSW] t=79.60 dir=AttackUp strike=Thrust prog=0.002 flags=HitWithArm collider=1 shieldBack=0 blockedShield=1 result=Parried altAttack=0 victim=human friend=1 -> BYPASS
[PSW] t=118.73 dir=AttackUp strike=Thrust prog=0.520 flags=NormalHit collider=1 shieldBack=0 blockedShield=0 result=StrikeAgent altAttack=0 victim=human friend=0 -> reject:enemy
[PSW] t=119.91 dir=AttackUp strike=Thrust prog=0.000 flags=NormalHit collider=1 shieldBack=0 blockedShield=1 result=Blocked altAttack=0 victim=human friend=1 -> BYPASS
[PSW] t=121.07 dir=AttackUp strike=Thrust prog=0.003 flags=NormalHit collider=1 shieldBack=0 blockedShield=1 result=Parried altAttack=0 victim=human friend=1 -> BYPASS
[PSW] t=122.28 dir=AttackUp strike=Thrust prog=0.000 flags=HitWithStartOfTheAnimation collider=1 shieldBack=0 blockedShield=0 result=None altAttack=0 victim=human friend=0 -> reject:enemy
[PSW] t=122.43 dir=AttackUp strike=Thrust prog=0.260 flags=NormalHit collider=1 shieldBack=0 blockedShield=0 result=StrikeAgent altAttack=0 victim=human friend=0 -> reject:enemy
[PSW] t=122.53 dir=AttackUp strike=Thrust prog=0.232 flags=HitWithStartOfTheAnimation collider=1 shieldBack=0 blockedShield=1 result=Blocked altAttack=0 victim=human friend=0 -> reject:enemy
[PSW] t=124.83 dir=AttackUp strike=Thrust prog=0.216 flags=NormalHit collider=1 shieldBack=0 blockedShield=0 result=StrikeAgent altAttack=0 victim=human friend=0 -> reject:enemy
[PSW] t=126.04 dir=AttackUp strike=Thrust prog=0.000 flags=HitWithArm collider=1 shieldBack=0 blockedShield=0 result=StrikeAgent altAttack=0 victim=human friend=1 -> BYPASS
[PSW] t=126.04 dir=AttackUp strike=Thrust prog=0.000 flags=NormalHit collider=1 shieldBack=0 blockedShield=0 result=StrikeAgent altAttack=0 victim=human friend=0 -> reject:enemy
[PSW] t=127.04 dir=AttackUp strike=Thrust prog=0.000 flags=HitWithStartOfTheAnimation collider=1 shieldBack=0 blockedShield=1 result=Blocked altAttack=0 victim=human friend=0 -> reject:enemy
[PSW] t=128.54 dir=AttackUp strike=Thrust prog=0.000 flags=HitWithStartOfTheAnimation collider=1 shieldBack=0 blockedShield=1 result=Blocked altAttack=0 victim=human friend=0 -> reject:enemy
[PSW] t=130.76 dir=AttackUp strike=Thrust prog=0.000 flags=HitWithArm collider=1 shieldBack=0 blockedShield=1 result=Parried altAttack=0 victim=human friend=1 -> BYPASS
[PSW] t=132.05 dir=AttackUp strike=Thrust prog=0.000 flags=NormalHit collider=1 shieldBack=0 blockedShield=0 result=StrikeAgent altAttack=0 victim=human friend=0 -> reject:enemy
[PSW] t=133.50 dir=AttackUp strike=Thrust prog=0.000 flags=NormalHit collider=1 shieldBack=0 blockedShield=0 result=StrikeAgent altAttack=0 victim=human friend=1 -> BYPASS
[PSW] t=135.09 dir=AttackUp strike=Thrust prog=0.476 flags=NormalHit collider=1 shieldBack=0 blockedShield=1 result=Blocked altAttack=0 victim=human friend=0 -> reject:enemy
[PSW] t=136.40 dir=AttackUp strike=Thrust prog=0.000 flags=HitWithArm collider=1 shieldBack=0 blockedShield=1 result=Parried altAttack=0 victim=human friend=1 -> BYPASS
[PSW] t=140.08 dir=AttackUp strike=Thrust prog=0.563 flags=NormalHit collider=1 shieldBack=0 blockedShield=0 result=StrikeAgent altAttack=0 victim=human friend=0 -> reject:enemy
[PSW] t=141.53 dir=AttackUp strike=Thrust prog=0.433 flags=NormalHit collider=1 shieldBack=0 blockedShield=0 result=StrikeAgent altAttack=0 victim=human friend=0 -> reject:enemy
[PSW] t=141.61 dir=AttackUp strike=Thrust prog=0.325 flags=HitWithStartOfTheAnimation collider=1 shieldBack=0 blockedShield=0 result=StrikeAgent altAttack=0 victim=human friend=0 -> reject:enemy
[PSW] t=142.95 dir=AttackUp strike=Thrust prog=0.476 flags=NormalHit collider=1 shieldBack=0 blockedShield=0 result=StrikeAgent altAttack=0 victim=human friend=0 -> reject:enemy
[PSW] t=144.14 dir=AttackUp strike=Thrust prog=0.390 flags=NormalHit collider=1 shieldBack=0 blockedShield=0 result=StrikeAgent altAttack=0 victim=human friend=0 -> reject:enemy
[PSW] t=147.10 dir=AttackUp strike=Swing prog=0.025 flags=NormalHit collider=1 shieldBack=0 blockedShield=1 result=Parried altAttack=0 victim=human friend=1 -> BYPASS
[PSW] t=148.06 dir=AttackUp strike=Swing prog=0.025 flags=NormalHit collider=1 shieldBack=0 blockedShield=0 result=StrikeAgent altAttack=0 victim=human friend=1 -> BYPASS
[PSW] t=149.10 dir=AttackUp strike=Swing prog=0.026 flags=NormalHit collider=1 shieldBack=0 blockedShield=1 result=Parried altAttack=0 victim=human friend=1 -> BYPASS
[PSW] t=150.13 dir=AttackUp strike=Swing prog=0.725 flags=HitWithBackOfTheWeapon collider=1 shieldBack=0 blockedShield=1 result=Blocked altAttack=0 victim=human friend=0 -> reject:enemy
[PSW] t=151.07 dir=AttackUp strike=Swing prog=0.224 flags=NormalHit collider=1 shieldBack=0 blockedShield=1 result=Parried altAttack=0 victim=human friend=1 -> BYPASS
[PSW] t=152.01 dir=AttackUp strike=Swing prog=0.028 flags=NormalHit collider=1 shieldBack=0 blockedShield=1 result=Parried altAttack=0 victim=human friend=1 -> BYPASS
[PSW] t=153.25 dir=AttackUp strike=Swing prog=0.026 flags=NormalHit collider=1 shieldBack=0 blockedShield=1 result=Blocked altAttack=0 victim=human friend=1 -> BYPASS
[PSW] t=154.16 dir=AttackUp strike=Swing prog=0.027 flags=NormalHit collider=1 shieldBack=0 blockedShield=1 result=Parried altAttack=0 victim=human friend=1 -> BYPASS
[PSW] t=155.05 dir=AttackUp strike=Swing prog=0.025 flags=NormalHit collider=1 shieldBack=0 blockedShield=0 result=StrikeAgent altAttack=0 victim=human friend=1 -> BYPASS
[PSW] t=155.93 dir=AttackUp strike=Swing prog=0.026 flags=NormalHit collider=1 shieldBack=0 blockedShield=1 result=Parried altAttack=0 victim=human friend=1 -> BYPASS
[PSW] t=156.82 dir=AttackUp strike=Swing prog=0.029 flags=NormalHit collider=1 shieldBack=0 blockedShield=1 result=Parried altAttack=0 victim=human friend=1 -> BYPASS
[PSW] t=157.83 dir=AttackUp strike=Swing prog=0.025 flags=NormalHit collider=1 shieldBack=0 blockedShield=1 result=Parried altAttack=0 victim=human friend=1 -> BYPASS
[PSW] t=158.98 dir=AttackUp strike=Swing prog=0.025 flags=NormalHit collider=1 shieldBack=0 blockedShield=1 result=Parried altAttack=0 victim=human friend=1 -> BYPASS
[PSW] t=160.33 dir=AttackUp strike=Swing prog=0.925 flags=NormalHit collider=1 shieldBack=0 blockedShield=1 result=Blocked altAttack=0 victim=human friend=0 -> reject:enemy
[PSW] t=161.25 dir=AttackUp strike=Swing prog=0.031 flags=NormalHit collider=1 shieldBack=0 blockedShield=1 result=Parried altAttack=0 victim=human friend=1 -> BYPASS
[PSW] t=162.23 dir=AttackUp strike=Swing prog=0.026 flags=NormalHit collider=1 shieldBack=0 blockedShield=1 result=Parried altAttack=0 victim=human friend=1 -> BYPASS
[PSW] t=163.20 dir=AttackUp strike=Swing prog=0.025 flags=NormalHit collider=1 shieldBack=0 blockedShield=1 result=Parried altAttack=0 victim=human friend=1 -> BYPASS
[PSW] t=164.16 dir=AttackUp strike=Swing prog=0.027 flags=NormalHit collider=1 shieldBack=0 blockedShield=1 result=Parried altAttack=0 victim=human friend=1 -> BYPASS
[PSW] t=165.14 dir=AttackUp strike=Swing prog=0.623 flags=NormalHit collider=1 shieldBack=0 blockedShield=1 result=Blocked altAttack=0 victim=human friend=0 -> reject:enemy
[PSW] t=165.96 dir=AttackUp strike=Swing prog=0.030 flags=NormalHit collider=1 shieldBack=0 blockedShield=1 result=Parried altAttack=0 victim=human friend=1 -> BYPASS
[PSW] t=166.91 dir=AttackUp strike=Swing prog=0.025 flags=NormalHit collider=1 shieldBack=0 blockedShield=0 result=StrikeAgent altAttack=0 victim=human friend=1 -> BYPASS
[PSW] t=170.23 dir=AttackUp strike=Swing prog=0.822 flags=NormalHit collider=1 shieldBack=0 blockedShield=1 result=Blocked altAttack=0 victim=human friend=0 -> reject:enemy
[PSW] t=173.05 dir=AttackUp strike=Swing prog=0.025 flags=NormalHit collider=1 shieldBack=0 blockedShield=1 result=Parried altAttack=0 victim=human friend=1 -> BYPASS
[PSW] t=173.95 dir=AttackUp strike=Swing prog=0.028 flags=NormalHit collider=1 shieldBack=0 blockedShield=1 result=Parried altAttack=0 victim=human friend=1 -> BYPASS
[PSW] t=174.81 dir=AttackUp strike=Swing prog=0.025 flags=NormalHit collider=1 shieldBack=0 blockedShield=1 result=Parried altAttack=0 victim=human friend=1 -> BYPASS
[PSW] t=175.77 dir=AttackUp strike=Swing prog=0.025 flags=NormalHit collider=1 shieldBack=0 blockedShield=1 result=Parried altAttack=0 victim=human friend=1 -> BYPASS
[PSW] t=179.21 dir=AttackUp strike=Swing prog=0.025 flags=NormalHit collider=1 shieldBack=0 blockedShield=0 result=None altAttack=0 victim=human friend=1 -> BYPASS
[PSW] t=179.21 dir=AttackUp strike=Swing prog=0.025 flags=NormalHit collider=1 shieldBack=0 blockedShield=1 result=Parried altAttack=0 victim=human friend=1 -> BYPASS
[PSW] t=180.22 dir=AttackUp strike=Swing prog=0.722 flags=NormalHit collider=1 shieldBack=0 blockedShield=0 result=StrikeAgent altAttack=0 victim=human friend=0 -> reject:enemy
[PSW] t=181.20 dir=AttackUp strike=Swing prog=0.722 flags=NormalHit collider=1 shieldBack=0 blockedShield=0 result=StrikeAgent altAttack=0 victim=human friend=0 -> reject:enemy
[PSW] t=182.11 dir=AttackUp strike=Swing prog=0.921 flags=NormalHit collider=1 shieldBack=0 blockedShield=0 result=StrikeAgent altAttack=0 victim=human friend=0 -> reject:enemy
[PSW] t=182.87 dir=AttackUp strike=Swing prog=0.125 flags=NormalHit collider=1 shieldBack=0 blockedShield=0 result=StrikeAgent altAttack=0 victim=human friend=1 -> BYPASS
[PSW] t=183.93 dir=AttackUp strike=Swing prog=0.921 flags=NormalHit collider=1 shieldBack=0 blockedShield=0 result=StrikeAgent altAttack=0 victim=human friend=0 -> reject:enemy
[PSW] t=184.86 dir=AttackUp strike=Swing prog=0.028 flags=NormalHit collider=1 shieldBack=0 blockedShield=0 result=StrikeAgent altAttack=0 victim=human friend=1 -> BYPASS
[PSW] t=185.74 dir=AttackUp strike=Swing prog=0.026 flags=NormalHit collider=1 shieldBack=0 blockedShield=0 result=StrikeAgent altAttack=0 victim=human friend=1 -> BYPASS
[PSW] t=191.12 dir=AttackUp strike=Swing prog=0.025 flags=NormalHit collider=1 shieldBack=0 blockedShield=1 result=Blocked altAttack=0 victim=human friend=1 -> BYPASS
[PSW] t=203.28 dir=AttackUp strike=Swing prog=0.028 flags=NormalHit collider=1 shieldBack=0 blockedShield=0 result=StrikeAgent altAttack=0 victim=human friend=1 -> BYPASS
[PSW] t=205.30 dir=AttackUp strike=Swing prog=0.029 flags=NormalHit collider=1 shieldBack=0 blockedShield=0 result=StrikeAgent altAttack=0 victim=human friend=1 -> BYPASS
[PSW] t=212.53 dir=AttackUp strike=Swing prog=0.025 flags=NormalHit collider=1 shieldBack=0 blockedShield=0 result=StrikeAgent altAttack=0 victim=human friend=1 -> BYPASS
[PSW] t=213.48 dir=AttackUp strike=Swing prog=0.025 flags=NormalHit collider=1 shieldBack=0 blockedShield=0 result=StrikeAgent altAttack=0 victim=human friend=1 -> BYPASS
[PSW] t=216.63 dir=AttackUp strike=Swing prog=0.028 flags=NormalHit collider=1 shieldBack=0 blockedShield=1 result=Blocked altAttack=0 victim=human friend=1 -> BYPASS
[PSW] t=217.92 dir=AttackUp strike=Swing prog=0.327 flags=NormalHit collider=1 shieldBack=0 blockedShield=0 result=StrikeAgent altAttack=0 victim=human friend=1 -> reject:live-arc
[PSW] t=218.71 dir=AttackLeft strike=Swing prog=0.000 flags=HitWithStartOfTheAnimation collider=1 shieldBack=0 blockedShield=1 result=Blocked altAttack=0 victim=human friend=0 -> reject:enemy
[PSW] t=221.18 dir=AttackUp strike=Swing prog=0.025 flags=NormalHit collider=1 shieldBack=0 blockedShield=0 result=StrikeAgent altAttack=0 victim=human friend=1 -> BYPASS
[PSW] t=222.95 dir=AttackUp strike=Swing prog=0.165 flags=NormalHit collider=1 shieldBack=0 blockedShield=1 result=Blocked altAttack=0 victim=human friend=1 -> BYPASS
[PSW] t=230.78 dir=AttackUp strike=Thrust prog=0.545 flags=NormalHit collider=1 shieldBack=0 blockedShield=0 result=StrikeAgent altAttack=0 victim=human friend=1 -> reject:live-arc
[PSW] t=234.73 dir=AttackDown strike=Thrust prog=0.000 flags=HitWithStartOfTheAnimation collider=1 shieldBack=0 blockedShield=0 result=StrikeAgent altAttack=0 victim=human friend=0 -> reject:enemy
[PSW] t=235.98 dir=AttackUp strike=Swing prog=0.057 flags=NormalHit collider=1 shieldBack=0 blockedShield=0 result=StrikeAgent altAttack=0 victim=human friend=1 -> BYPASS
[PSW] t=235.98 dir=AttackUp strike=Swing prog=0.057 flags=NormalHit collider=1 shieldBack=0 blockedShield=0 result=StrikeAgent altAttack=0 victim=human friend=1 -> BYPASS
[PSW] t=240.75 dir=AttackUp strike=Swing prog=0.000 flags=HitWithStartOfTheAnimation collider=1 shieldBack=0 blockedShield=1 result=Blocked altAttack=0 victim=human friend=0 -> reject:enemy
[PSW] t=243.24 dir=AttackUp strike=Swing prog=0.000 flags=HitWithStartOfTheAnimation collider=1 shieldBack=0 blockedShield=1 result=Blocked altAttack=0 victim=human friend=0 -> reject:enemy
[PSW] t=245.75 dir=AttackUp strike=Thrust prog=0.533 flags=NormalHit collider=1 shieldBack=0 blockedShield=0 result=StrikeAgent altAttack=0 victim=human friend=0 -> reject:enemy
[PSW] t=246.79 dir=AttackDown strike=Thrust prog=0.000 flags=HitWithStartOfTheAnimation collider=1 shieldBack=0 blockedShield=0 result=StrikeAgent altAttack=0 victim=human friend=1 -> BYPASS
[PSW] t=247.94 dir=AttackUp strike=Swing prog=0.057 flags=NormalHit collider=1 shieldBack=0 blockedShield=0 result=StrikeAgent altAttack=0 victim=human friend=1 -> BYPASS
[PSW] t=248.07 dir=AttackUp strike=Swing prog=0.187 flags=NormalHit collider=1 shieldBack=0 blockedShield=1 result=Blocked altAttack=0 victim=human friend=0 -> reject:enemy
[PSW] t=249.20 dir=AttackUp strike=Swing prog=0.057 flags=NormalHit collider=1 shieldBack=0 blockedShield=0 result=StrikeAgent altAttack=0 victim=human friend=1 -> BYPASS
[PSW] t=249.35 dir=AttackUp strike=Swing prog=0.227 flags=NormalHit collider=1 shieldBack=0 blockedShield=0 result=StrikeAgent altAttack=0 victim=human friend=0 -> reject:enemy
[PSW] t=250.44 dir=AttackUp strike=Swing prog=0.000 flags=HitWithStartOfTheAnimation collider=1 shieldBack=0 blockedShield=1 result=Blocked altAttack=0 victim=human friend=0 -> reject:enemy
[PSW] t=253.83 dir=AttackUp strike=Swing prog=1.000 flags=NormalHit collider=1 shieldBack=0 blockedShield=0 result=ChamberBlocked altAttack=0 victim=human friend=0 -> reject:enemy
[PSW] t=259.11 dir=AttackDown strike=Thrust prog=0.000 flags=HitWithStartOfTheAnimation collider=1 shieldBack=0 blockedShield=1 result=Parried altAttack=0 victim=human friend=0 -> reject:enemy
[PSW] t=261.08 dir=AttackDown strike=Thrust prog=0.604 flags=NormalHit collider=1 shieldBack=0 blockedShield=0 result=StrikeAgent altAttack=0 victim=human friend=0 -> reject:enemy
[PSW] ---- mission end: 13230 AI swing->overhead remaps ----
[PSW] ---- mission start ----
[PSW] t=104.66 dir=AttackDown strike=Thrust prog=0.026 flags=NormalHit collider=1 shieldBack=0 blockedShield=0 result=StrikeAgent altAttack=0 victim=human friend=1 -> BYPASS
[PSW] t=104.66 dir=AttackDown strike=Thrust prog=0.026 flags=NormalHit collider=1 shieldBack=0 blockedShield=0 result=StrikeAgent altAttack=0 victim=human friend=1 -> BYPASS
[PSW] t=110.12 dir=AttackDown strike=Thrust prog=1.000 flags=NormalHit collider=1 shieldBack=0 blockedShield=0 result=StrikeAgent altAttack=0 victim=human friend=1 -> reject:live-arc
[PSW] t=112.53 dir=AttackDown strike=Thrust prog=0.028 flags=NormalHit collider=1 shieldBack=0 blockedShield=0 result=StrikeAgent altAttack=0 victim=human friend=0 -> reject:enemy
[PSW] t=115.76 dir=AttackUp strike=Swing prog=0.140 flags=NormalHit collider=1 shieldBack=0 blockedShield=0 result=StrikeAgent altAttack=0 victim=human friend=1 -> BYPASS
[PSW] t=119.75 dir=AttackUp strike=Swing prog=1.000 flags=HitWithArm, HitWithBackOfTheWeapon collider=1 shieldBack=0 blockedShield=0 result=StrikeAgent altAttack=0 victim=human friend=1 -> reject:live-arc
[PSW] t=122.04 dir=AttackUp strike=Swing prog=0.742 flags=NormalHit collider=1 shieldBack=0 blockedShield=0 result=StrikeAgent altAttack=0 victim=human friend=0 -> reject:enemy
[PSW] t=128.72 dir=AttackRight strike=Swing prog=0.000 flags=HitWithStartOfTheAnimation collider=1 shieldBack=0 blockedShield=1 result=Blocked altAttack=0 victim=human friend=0 -> reject:enemy
[PSW] t=137.00 dir=AttackDown strike=Thrust prog=0.169 flags=NormalHit collider=1 shieldBack=0 blockedShield=0 result=StrikeAgent altAttack=0 victim=human friend=1 -> BYPASS
[PSW] t=138.84 dir=AttackUp strike=Thrust prog=0.610 flags=NormalHit collider=1 shieldBack=0 blockedShield=0 result=StrikeAgent altAttack=0 victim=human friend=0 -> reject:enemy
[PSW] t=140.29 dir=AttackUp strike=Thrust prog=0.087 flags=NormalHit collider=1 shieldBack=0 blockedShield=0 result=StrikeAgent altAttack=0 victim=human friend=1 -> BYPASS
[PSW] t=143.36 dir=AttackRight strike=Swing prog=0.000 flags=HitWithStartOfTheAnimation collider=1 shieldBack=0 blockedShield=0 result=None altAttack=0 victim=human friend=0 -> reject:enemy
[PSW] t=143.44 dir=AttackRight strike=Swing prog=0.051 flags=NormalHit collider=1 shieldBack=0 blockedShield=0 result=StrikeAgent altAttack=0 victim=human friend=1 -> BYPASS
[PSW] t=146.04 dir=AttackDown strike=Thrust prog=0.000 flags=HitWithStartOfTheAnimation collider=1 shieldBack=0 blockedShield=1 result=Parried altAttack=0 victim=human friend=0 -> reject:enemy
[PSW] t=151.12 dir=AttackDown strike=Thrust prog=0.000 flags=HitWithStartOfTheAnimation collider=1 shieldBack=0 blockedShield=1 result=Parried altAttack=0 victim=human friend=0 -> reject:enemy
[PSW] t=152.47 dir=AttackDown strike=Thrust prog=0.025 flags=NormalHit collider=1 shieldBack=0 blockedShield=0 result=StrikeAgent altAttack=0 victim=human friend=0 -> reject:enemy
[PSW] ---- mission end: 291 AI swing->overhead remaps ----
